[backblue.gif]
[fade.gif]
[index.html]
[file/C_/Users/Admin/Downloads/Civil Registration System new.html]
[file/C_/Users/Admin/Downloads/Civil Registration System new_files/style.css]
[file/C_/Users/Admin/Downloads/Civil Registration System new_files/mm_menu.js.download]
[file/C_/Users/Admin/Downloads/Civil Registration System new_files/jquery-1.9.0.js.download]
[file/C_/Users/Admin/Downloads/Civil Registration System new_files/jquery-ui-1.10.0.custom.js.download]
[file/C_/Users/Admin/Downloads/Civil Registration System new_files/json_parse.js.download]
[file/C_/Users/Admin/Downloads/Civil Registration System new_files/jquery.ui.core.js.download]
[file/C_/Users/Admin/Downloads/Civil Registration System new_files/js]
[file/C_/Users/Admin/Downloads/Civil Registration System new_files/logo-top.jpg]
[file/C_/Users/Admin/Downloads/Civil Registration System new_files/emb-forms.gif]
[file/C_/Users/Admin/Downloads/Civil Registration System new_files/efa1c4408f745dcb5c8932db2e6bbbd55a10f292.png]
[file/C_/Users/Admin/Downloads/Civil Registration System new_files/default.css]
[file/C_/Users/Admin/Downloads/Civil Registration System new_files/certificate-logo.gif]
[file/C_/Users/Admin/Downloads/Civil Registration System new_files/005_file_22925f9bfb182b882d9c4c3c1ed6175c.png]
[file/C_/Users/Admin/Downloads/Civil Registration System new_files/barcode.php]
[file/C_/Users/Admin/Downloads/Civil Registration System new_files/main.css]
[file/C_/Users/Admin/Downloads/Civil Registration System new_files/jquery.ui.all.css]
[file/C_/Users/Admin/Downloads/Civil Registration System new_files/jquery-ui-1.10.0.custom.css]
[file/C_/Users/Admin/Downloads/images/header-top-strip.jpg]
[file/C_/Users/Admin/Downloads/images/herader-right-bg.jpg]
[file/C_/Users/Admin/Downloads/images/top-menu-bg.jpg]
[file/C_/Users/Admin/Downloads/images/top-title-strip.jpg]
[file/C_/Users/Admin/Downloads/images/doted-bull.gif]
[file/C_/Users/Admin/Downloads/images/none-bull.gif]
[file/C_/Users/Admin/Downloads/images/welcome-strip-bg.jpg]
[file/C_/Users/Admin/Downloads/images/form-title-strip.jpg]
[file/C_/Users/Admin/Downloads/images/water-mark.gif]
[file/C_/Users/Admin/Downloads/images/busy.gif]
[file/C_/Users/Admin/Downloads/images/cla-edit.jpg]
[file/C_/Users/Admin/Downloads/images/btn-bg.gif]
[file/C_/Users/Admin/Downloads/images/refresh1.png]
[file/C_/Users/Admin/Downloads/images/tooltip-arrow.gif]
[file/C_/Users/Admin/Downloads/images/submit-btn.jpg]
[file/C_/Users/Admin/Downloads/Civil Registration System new_files/jquery.ui.base.css]
[file/C_/Users/Admin/Downloads/Civil Registration System new_files/jquery.ui.theme.css]
